c:\trapped\trapped\trapped\x64\debug\vc143.pdb
c:\trapped\trapped\trapped\x64\debug\vc143.idb
c:\trapped\trapped\trapped\x64\debug\room.obj
c:\trapped\trapped\trapped\x64\debug\question.obj
c:\trapped\trapped\trapped\x64\debug\progressbar.obj
c:\trapped\trapped\trapped\x64\debug\option.obj
c:\trapped\trapped\trapped\x64\debug\main.obj
c:\trapped\trapped\trapped\x64\debug\livingroom.obj
c:\trapped\trapped\trapped\x64\debug\kitchen.obj
c:\trapped\trapped\trapped\x64\debug\item.obj
c:\trapped\trapped\trapped\x64\debug\inventory.obj
c:\trapped\trapped\trapped\x64\debug\home.obj
c:\trapped\trapped\trapped\x64\debug\healthbar.obj
c:\trapped\trapped\trapped\x64\debug\countdowntimer.obj
c:\trapped\trapped\trapped\x64\debug\gameover.obj
c:\trapped\trapped\trapped\x64\debug\game.obj
c:\trapped\trapped\trapped\x64\debug\forest.obj
c:\trapped\trapped\trapped\x64\debug\dialoguebox.obj
c:\trapped\trapped\trapped\x64\debug\car.obj
c:\trapped\trapped\trapped\x64\debug\bathroom.obj
c:\trapped\trapped\trapped\x64\debug\basement.obj
c:\trapped\trapped\trapped\x64\debug\audio.obj
c:\trapped\trapped\trapped\x64\debug\weapon.obj
c:\trapped\trapped\trapped\x64\debug\stairs.obj
c:\trapped\trapped\x64\debug\trapped.exe
c:\trapped\trapped\x64\debug\trapped.pdb
c:\trapped\trapped\trapped\x64\debug\trapped.ilk
c:\trapped\trapped\trapped\x64\debug\trapped.tlog\cl.command.1.tlog
c:\trapped\trapped\trapped\x64\debug\trapped.tlog\cl.items.tlog
c:\trapped\trapped\trapped\x64\debug\trapped.tlog\cl.read.1.tlog
c:\trapped\trapped\trapped\x64\debug\trapped.tlog\cl.write.1.tlog
c:\trapped\trapped\trapped\x64\debug\trapped.tlog\link.command.1.tlog
c:\trapped\trapped\trapped\x64\debug\trapped.tlog\link.read.1.tlog
c:\trapped\trapped\trapped\x64\debug\trapped.tlog\link.secondary.1.tlog
c:\trapped\trapped\trapped\x64\debug\trapped.tlog\link.write.1.tlog
